This file contains any messages produced by compilers while
running configure, to aid debugging if configure makes a mistake.

It was created by memcached configure 1.6.9, which was
generated by GNU Autoconf 2.69.  Invocation command line was

  $ ./configure 

## --------- ##
## Platform. ##
## --------- ##

hostname = abcd
uname -m = x86_64
uname -r = 5.4.0-66-generic
uname -s = Linux
uname -v = #74-Ubuntu SMP Wed Jan 27 22:54:38 UTC 2021

/usr/bin/uname -p = unknown
/bin/uname -X     = unknown

/bin/arch              = unknown
/usr/bin/arch -k       = unknown
/usr/convex/getsysinfo = unknown
/usr/bin/hostinfo      = unknown
/bin/machine           = unknown
/usr/bin/oslevel       = unknown
/bin/universe          = unknown

PATH: /home/gautam/bin
PATH: /home/gautam/.local/bin
PATH: /usr/local/sbin
PATH: /usr/local/bin
PATH: /usr/sbin
PATH: /usr/bin
PATH: /sbin
PATH: /bin
PATH: /usr/games
PATH: /usr/local/games
PATH: /snap/bin
PATH: /home/gautam/.openmpi/bin


## ----------- ##
## Core tests. ##
## ----------- ##

configure:2547: checking build system type
configure:2561: result: x86_64-pc-linux-gnu
configure:2581: checking host system type
configure:2594: result: x86_64-pc-linux-gnu
configure:2631: checking for a BSD-compatible install
configure:2699: result: /usr/bin/install -c
configure:2710: checking whether build environment is sane
configure:2765: result: yes
configure:2914: checking for a thread-safe mkdir -p
configure:2953: result: /bin/mkdir -p
configure:2960: checking for gawk
configure:2976: found /usr/bin/gawk
configure:2987: result: gawk
configure:2998: checking whether make sets $(MAKE)
configure:3020: result: yes
configure:3049: checking whether make supports nested variables
configure:3066: result: yes
configure:3201: checking whether make supports the include directive
configure:3216: make -f confmf.GNU && cat confinc.out
this is the am__doit target
configure:3219: $? = 0
configure:3238: result: yes (GNU style)
configure:3308: checking for gcc
configure:3324: found /usr/bin/gcc
configure:3335: result: gcc
configure:3564: checking for C compiler version
configure:3573: gcc --version >&5
gcc (Ubuntu 9.3.0-17ubuntu1~20.04) 9.3.0
Copyright (C) 2019 Free Software Foundation, Inc.
This is free software; see the source for copying conditions.  There is NO
warranty; not even for MERCHANTABILITY or FITNESS FOR A PARTICULAR PURPOSE.

configure:3584: $? = 0
configure:3573: gcc -v >&5
Using built-in specs.
COLLECT_GCC=gcc
COLLECT_LTO_WRAPPER=/usr/lib/gcc/x86_64-linux-gnu/9/lto-wrapper
OFFLOAD_TARGET_NAMES=nvptx-none:hsa
OFFLOAD_TARGET_DEFAULT=1
Target: x86_64-linux-gnu
Configured with: ../src/configure -v --with-pkgversion='Ubuntu 9.3.0-17ubuntu1~20.04' --with-bugurl=file:///usr/share/doc/gcc-9/README.Bugs --enable-languages=c,ada,c++,go,brig,d,fortran,objc,obj-c++,gm2 --prefix=/usr --with-gcc-major-version-only --program-suffix=-9 --program-prefix=x86_64-linux-gnu- --enable-shared --enable-linker-build-id --libexecdir=/usr/lib --without-included-gettext --enable-threads=posix --libdir=/usr/lib --enable-nls --enable-clocale=gnu --enable-libstdcxx-debug --enable-libstdcxx-time=yes --with-default-libstdcxx-abi=new --enable-gnu-unique-object --disable-vtable-verify --enable-plugin --enable-default-pie --with-system-zlib --with-target-system-zlib=auto --enable-objc-gc=auto --enable-multiarch --disable-werror --with-arch-32=i686 --with-abi=m64 --with-multilib-list=m32,m64,mx32 --enable-multilib --with-tune=generic --enable-offload-targets=nvptx-none=/build/gcc-9-HskZEa/gcc-9-9.3.0/debian/tmp-nvptx/usr,hsa --without-cuda-driver --enable-checking=release --build=x86_64-linux-gnu --host=x86_64-linux-gnu --target=x86_64-linux-gnu
Thread model: posix
gcc version 9.3.0 (Ubuntu 9.3.0-17ubuntu1~20.04) 
configure:3584: $? = 0
configure:3573: gcc -V >&5
gcc: error: unrecognized command line option '-V'
gcc: fatal error: no input files
compilation terminated.
configure:3584: $? = 1
configure:3573: gcc -qversion >&5
gcc: error: unrecognized command line option '-qversion'; did you mean '--version'?
gcc: fatal error: no input files
compilation terminated.
configure:3584: $? = 1
configure:3604: checking whether the C compiler works
configure:3626: gcc    conftest.c  >&5
configure:3630: $? = 0
configure:3678: result: yes
configure:3681: checking for C compiler default output file name
configure:3683: result: a.out
configure:3689: checking for suffix of executables
configure:3696: gcc -o conftest    conftest.c  >&5
configure:3700: $? = 0
configure:3722: result: 
configure:3744: checking whether we are cross compiling
configure:3752: gcc -o conftest    conftest.c  >&5
configure:3756: $? = 0
configure:3763: ./conftest
configure:3767: $? = 0
configure:3755: result: no
configure:3760: checking for suffix of object files
configure:3782: gcc -c   conftest.c >&5
configure:3786: $? = 0
configure:3807: result: o
configure:3811: checking whether we are using the GNU C compiler
configure:3830: gcc -c   conftest.c >&5
configure:3830: $? = 0
configure:3839: result: yes
configure:3848: checking whether gcc accepts -g
configure:3868: gcc -c -g  conftest.c >&5
configure:3868: $? = 0
configure:3909: result: yes
configure:3926: checking for gcc option to accept ISO C89
configure:3989: gcc  -c -g -O2  conftest.c >&5
configure:3989: $? = 0
configure:4002: result: none needed
configure:4027: checking whether gcc understands -c and -o together
configure:4049: gcc -c conftest.c -o conftest2.o
configure:4052: $? = 0
configure:4049: gcc -c conftest.c -o conftest2.o
configure:4052: $? = 0
configure:4064: result: yes
configure:4083: checking dependency style of gcc
configure:4194: result: gcc3
configure:4215: checking how to run the C preprocessor
configure:4246: gcc -E  conftest.c
configure:4246: $? = 0
configure:4260: gcc -E  conftest.c
conftest.c:11:10: fatal error: ac_nonexistent.h: No such file or directory
   11 | #include <ac_nonexistent.h>
      |          ^~~~~~~~~~~~~~~~~~
compilation terminated.
configure:4260: $? = 1
configure: failed program was:
| /* confdefs.h */
| #define PACKAGE_NAME "memcached"
| #define PACKAGE_TARNAME "memcached"
| #define PACKAGE_VERSION "1.6.9"
| #define PACKAGE_STRING "memcached 1.6.9"
| #define PACKAGE_BUGREPORT "memcached@googlegroups.com"
| #define PACKAGE_URL ""
| #define PACKAGE "memcached"
| #define VERSION "1.6.9"
| /* end confdefs.h.  */
| #include <ac_nonexistent.h>
configure:4285: result: gcc -E
configure:4305: gcc -E  conftest.c
configure:4305: $? = 0
configure:4319: gcc -E  conftest.c
conftest.c:11:10: fatal error: ac_nonexistent.h: No such file or directory
   11 | #include <ac_nonexistent.h>
      |          ^~~~~~~~~~~~~~~~~~
compilation terminated.
configure:4319: $? = 1
configure: failed program was:
| /* confdefs.h */
| #define PACKAGE_NAME "memcached"
| #define PACKAGE_TARNAME "memcached"
| #define PACKAGE_VERSION "1.6.9"
| #define PACKAGE_STRING "memcached 1.6.9"
| #define PACKAGE_BUGREPORT "memcached@googlegroups.com"
| #define PACKAGE_URL ""
| #define PACKAGE "memcached"
| #define VERSION "1.6.9"
| /* end confdefs.h.  */
| #include <ac_nonexistent.h>
configure:4348: checking for grep that handles long lines and -e
configure:4406: result: /bin/grep
configure:4411: checking for egrep
configure:4473: result: /bin/grep -E
configure:4480: checking for icc in use
configure:4489: result: no
configure:4509: checking for clang in use
configure:4526: gcc -c -g -O2  conftest.c >&5
conftest.c: In function 'main':
conftest.c:17:12: error: unknown type name 'not'
   17 |            not clang
      |            ^~~
configure:4526: $? = 1
configure: failed program was:
| /* confdefs.h */
| #define PACKAGE_NAME "memcached"
| #define PACKAGE_TARNAME "memcached"
| #define PACKAGE_VERSION "1.6.9"
| #define PACKAGE_STRING "memcached 1.6.9"
| #define PACKAGE_BUGREPORT "memcached@googlegroups.com"
| #define PACKAGE_URL ""
| #define PACKAGE "memcached"
| #define VERSION "1.6.9"
| /* end confdefs.h.  */
| 
| int
| main ()
| {
| 
|     #ifndef __clang__
|            not clang
|     #endif
| 
|   ;
|   return 0;
| }
configure:4532: result: no
configure:4541: checking for ANSI C header files
configure:4561: gcc -c -g -O2  conftest.c >&5
configure:4561: $? = 0
configure:4634: gcc -o conftest -g -O2   conftest.c  >&5
configure:4634: $? = 0
configure:4634: ./conftest
configure:4634: $? = 0
configure:4645: result: yes
configure:4658: checking for sys/types.h
configure:4658: gcc -c -g -O2  conftest.c >&5
configure:4658: $? = 0
configure:4658: result: yes
configure:4658: checking for sys/stat.h
configure:4658: gcc -c -g -O2  conftest.c >&5
configure:4658: $? = 0
configure:4658: result: yes
configure:4658: checking for stdlib.h
configure:4658: gcc -c -g -O2  conftest.c >&5
configure:4658: $? = 0
configure:4658: result: yes
configure:4658: checking for string.h
configure:4658: gcc -c -g -O2  conftest.c >&5
configure:4658: $? = 0
configure:4658: result: yes
configure:4658: checking for memory.h
configure:4658: gcc -c -g -O2  conftest.c >&5
configure:4658: $? = 0
configure:4658: result: yes
configure:4658: checking for strings.h
configure:4658: gcc -c -g -O2  conftest.c >&5
configure:4658: $? = 0
configure:4658: result: yes
configure:4658: checking for inttypes.h
configure:4658: gcc -c -g -O2  conftest.c >&5
configure:4658: $? = 0
configure:4658: result: yes
configure:4658: checking for stdint.h
configure:4658: gcc -c -g -O2  conftest.c >&5
configure:4658: $? = 0
configure:4658: result: yes
configure:4658: checking for unistd.h
configure:4658: gcc -c -g -O2  conftest.c >&5
configure:4658: $? = 0
configure:4658: result: yes
configure:4671: checking whether __SUNPRO_C is declared
configure:4671: gcc -c -g -O2  conftest.c >&5
conftest.c: In function 'main':
conftest.c:61:10: error: '__SUNPRO_C' undeclared (first use in this function)
   61 |   (void) __SUNPRO_C;
      |          ^~~~~~~~~~
conftest.c:61:10: note: each undeclared identifier is reported only once for each function it appears in
configure:4671: $? = 1
configure: failed program was:
| /* confdefs.h */
| #define PACKAGE_NAME "memcached"
| #define PACKAGE_TARNAME "memcached"
| #define PACKAGE_VERSION "1.6.9"
| #define PACKAGE_STRING "memcached 1.6.9"
| #define PACKAGE_BUGREPORT "memcached@googlegroups.com"
| #define PACKAGE_URL ""
| #define PACKAGE "memcached"
| #define VERSION "1.6.9"
| #define STDC_HEADERS 1
| #define HAVE_SYS_TYPES_H 1
| #define HAVE_SYS_STAT_H 1
| #define HAVE_STDLIB_H 1
| #define HAVE_STRING_H 1
| #define HAVE_MEMORY_H 1
| #define HAVE_STRINGS_H 1
| #define HAVE_INTTYPES_H 1
| #define HAVE_STDINT_H 1
| #define HAVE_UNISTD_H 1
| /* end confdefs.h.  */
| #include <stdio.h>
| #ifdef HAVE_SYS_TYPES_H
| # include <sys/types.h>
| #endif
| #ifdef HAVE_SYS_STAT_H
| # include <sys/stat.h>
| #endif
| #ifdef STDC_HEADERS
| # include <stdlib.h>
| # include <stddef.h>
| #else
| # ifdef HAVE_STDLIB_H
| #  include <stdlib.h>
| # endif
| #endif
| #ifdef HAVE_STRING_H
| # if !defined STDC_HEADERS && defined HAVE_MEMORY_H
| #  include <memory.h>
| # endif
| # include <string.h>
| #endif
| #ifdef HAVE_STRINGS_H
| # include <strings.h>
| #endif
| #ifdef HAVE_INTTYPES_H
| # include <inttypes.h>
| #endif
| #ifdef HAVE_STDINT_H
| # include <stdint.h>
| #endif
| #ifdef HAVE_UNISTD_H
| # include <unistd.h>
| #endif
| int
| main ()
| {
| #ifndef __SUNPRO_C
| #ifdef __cplusplus
|   (void) __SUNPRO_C;
| #else
|   (void) __SUNPRO_C;
| #endif
| #endif
| 
|   ;
|   return 0;
| }
configure:4671: result: no
configure:4696: checking for gcc option to accept ISO C99
configure:4845: gcc  -c -g -O2 -pthread  conftest.c >&5
configure:4845: $? = 0
configure:4858: result: none needed
configure:4936: checking sasl/sasl.h usability
configure:4936: gcc -c -g -O2 -pthread  conftest.c >&5
conftest.c:54:10: fatal error: sasl/sasl.h: No such file or directory
   54 | #include <sasl/sasl.h>
      |          ^~~~~~~~~~~~~
compilation terminated.
configure:4936: $? = 1
configure: failed program was:
| /* confdefs.h */
| #define PACKAGE_NAME "memcached"
| #define PACKAGE_TARNAME "memcached"
| #define PACKAGE_VERSION "1.6.9"
| #define PACKAGE_STRING "memcached 1.6.9"
| #define PACKAGE_BUGREPORT "memcached@googlegroups.com"
| #define PACKAGE_URL ""
| #define PACKAGE "memcached"
| #define VERSION "1.6.9"
| #define STDC_HEADERS 1
| #define HAVE_SYS_TYPES_H 1
| #define HAVE_SYS_STAT_H 1
| #define HAVE_STDLIB_H 1
| #define HAVE_STRING_H 1
| #define HAVE_MEMORY_H 1
| #define HAVE_STRINGS_H 1
| #define HAVE_INTTYPES_H 1
| #define HAVE_STDINT_H 1
| #define HAVE_UNISTD_H 1
| /* end confdefs.h.  */
| #include <stdio.h>
| #ifdef HAVE_SYS_TYPES_H
| # include <sys/types.h>
| #endif
| #ifdef HAVE_SYS_STAT_H
| # include <sys/stat.h>
| #endif
| #ifdef STDC_HEADERS
| # include <stdlib.h>
| # include <stddef.h>
| #else
| # ifdef HAVE_STDLIB_H
| #  include <stdlib.h>
| # endif
| #endif
| #ifdef HAVE_STRING_H
| # if !defined STDC_HEADERS && defined HAVE_MEMORY_H
| #  include <memory.h>
| # endif
| # include <string.h>
| #endif
| #ifdef HAVE_STRINGS_H
| # include <strings.h>
| #endif
| #ifdef HAVE_INTTYPES_H
| # include <inttypes.h>
| #endif
| #ifdef HAVE_STDINT_H
| # include <stdint.h>
| #endif
| #ifdef HAVE_UNISTD_H
| # include <unistd.h>
| #endif
| #include <sasl/sasl.h>
configure:4936: result: no
configure:4936: checking sasl/sasl.h presence
configure:4936: gcc -E  conftest.c
conftest.c:21:10: fatal error: sasl/sasl.h: No such file or directory
   21 | #include <sasl/sasl.h>
      |          ^~~~~~~~~~~~~
compilation terminated.
configure:4936: $? = 1
configure: failed program was:
| /* confdefs.h */
| #define PACKAGE_NAME "memcached"
| #define PACKAGE_TARNAME "memcached"
| #define PACKAGE_VERSION "1.6.9"
| #define PACKAGE_STRING "memcached 1.6.9"
| #define PACKAGE_BUGREPORT "memcached@googlegroups.com"
| #define PACKAGE_URL ""
| #define PACKAGE "memcached"
| #define VERSION "1.6.9"
| #define STDC_HEADERS 1
| #define HAVE_SYS_TYPES_H 1
| #define HAVE_SYS_STAT_H 1
| #define HAVE_STDLIB_H 1
| #define HAVE_STRING_H 1
| #define HAVE_MEMORY_H 1
| #define HAVE_STRINGS_H 1
| #define HAVE_INTTYPES_H 1
| #define HAVE_STDINT_H 1
| #define HAVE_UNISTD_H 1
| /* end confdefs.h.  */
| #include <sasl/sasl.h>
configure:4936: result: no
configure:4936: checking for sasl/sasl.h
configure:4936: result: no
configure:5281: checking for gcov
configure:5299: found /usr/bin/gcov
configure:5312: result: /usr/bin/gcov
configure:5322: checking for main in -lgcov
configure:5341: gcc -o conftest -g -O2 -pthread -pthread   conftest.c -lgcov   >&5
configure:5341: $? = 0
configure:5350: result: yes
configure:5511: checking size of void *
configure:5516: gcc -o conftest -g -O2 -pthread -pthread   conftest.c  >&5
configure:5516: $? = 0
configure:5516: ./conftest
configure:5516: $? = 0
configure:5530: result: 8
configure:5543: checking for library containing clock_gettime
configure:5574: gcc -o conftest -g -O2 -pthread -pthread   conftest.c  >&5
configure:5574: $? = 0
configure:5591: result: none required
configure:5601: checking for library containing socket
configure:5632: gcc -o conftest -g -O2 -pthread -pthread   conftest.c  >&5
configure:5632: $? = 0
configure:5649: result: none required
configure:5657: checking for library containing gethostbyname
configure:5688: gcc -o conftest -g -O2 -pthread -pthread   conftest.c  >&5
configure:5688: $? = 0
configure:5705: result: none required
configure:5730: checking for libevent directory
configure:5774: gcc -o conftest -g -O2 -pthread -pthread   conftest.c -levent  >&5
configure:5774: $? = 0
configure:5810: result: (system)
configure:5848: gcc -o conftest -g -O2 -pthread -pthread   conftest.c -levent  >&5
configure:5848: $? = 0
configure:5848: ./conftest
configure:5848: $? = 0
configure:5987: checking for library containing gethugepagesizes
configure:6018: gcc -o conftest -g -O2 -pthread -pthread   conftest.c -levent  >&5
/usr/bin/ld: /tmp/ccjw57v5.o: in function `main':
/home/gautam/Desktop/sifter/prac/memcached-1.6.9/conftest.c:35: undefined reference to `gethugepagesizes'
collect2: error: ld returned 1 exit status
configure:6018: $? = 1
configure: failed program was:
| /* confdefs.h */
| #define PACKAGE_NAME "memcached"
| #define PACKAGE_TARNAME "memcached"
| #define PACKAGE_VERSION "1.6.9"
| #define PACKAGE_STRING "memcached 1.6.9"
| #define PACKAGE_BUGREPORT "memcached@googlegroups.com"
| #define PACKAGE_URL ""
| #define PACKAGE "memcached"
| #define VERSION "1.6.9"
| #define STDC_HEADERS 1
| #define HAVE_SYS_TYPES_H 1
| #define HAVE_SYS_STAT_H 1
| #define HAVE_STDLIB_H 1
| #define HAVE_STRING_H 1
| #define HAVE_MEMORY_H 1
| #define HAVE_STRINGS_H 1
| #define HAVE_INTTYPES_H 1
| #define HAVE_STDINT_H 1
| #define HAVE_UNISTD_H 1
| #define EXTSTORE 1
| #define SIZEOF_VOID_P 8
| #define HAVE_LIBEVENT_NEW 1
| /* end confdefs.h.  */
| 
| /* Override any GCC internal prototype to avoid an error.
|    Use char because int might match the return type of a GCC
|    builtin and then its argument prototype would still apply.  */
| #ifdef __cplusplus
| extern "C"
| #endif
| char gethugepagesizes ();
| int
| main ()
| {
| return gethugepagesizes ();
|   ;
|   return 0;
| }
configure:6018: gcc -o conftest -g -O2 -pthread -pthread   conftest.c -lhugetlbfs  -levent  >&5
/usr/bin/ld: cannot find -lhugetlbfs
collect2: error: ld returned 1 exit status
configure:6018: $? = 1
configure: failed program was:
| /* confdefs.h */
| #define PACKAGE_NAME "memcached"
| #define PACKAGE_TARNAME "memcached"
| #define PACKAGE_VERSION "1.6.9"
| #define PACKAGE_STRING "memcached 1.6.9"
| #define PACKAGE_BUGREPORT "memcached@googlegroups.com"
| #define PACKAGE_URL ""
| #define PACKAGE "memcached"
| #define VERSION "1.6.9"
| #define STDC_HEADERS 1
| #define HAVE_SYS_TYPES_H 1
| #define HAVE_SYS_STAT_H 1
| #define HAVE_STDLIB_H 1
| #define HAVE_STRING_H 1
| #define HAVE_MEMORY_H 1
| #define HAVE_STRINGS_H 1
| #define HAVE_INTTYPES_H 1
| #define HAVE_STDINT_H 1
| #define HAVE_UNISTD_H 1
| #define EXTSTORE 1
| #define SIZEOF_VOID_P 8
| #define HAVE_LIBEVENT_NEW 1
| /* end confdefs.h.  */
| 
| /* Override any GCC internal prototype to avoid an error.
|    Use char because int might match the return type of a GCC
|    builtin and then its argument prototype would still apply.  */
| #ifdef __cplusplus
| extern "C"
| #endif
| char gethugepagesizes ();
| int
| main ()
| {
| return gethugepagesizes ();
|   ;
|   return 0;
| }
configure:6035: result: no
configure:6044: checking for stdbool.h that conforms to C99
configure:6111: gcc -c -g -O2 -pthread -pthread  conftest.c >&5
configure:6111: $? = 0
configure:6118: result: yes
configure:6120: checking for _Bool
configure:6120: gcc -c -g -O2 -pthread -pthread  conftest.c >&5
configure:6120: $? = 0
configure:6120: gcc -c -g -O2 -pthread -pthread  conftest.c >&5
conftest.c: In function 'main':
conftest.c:60:20: error: expected expression before ')' token
   60 | if (sizeof ((_Bool)))
      |                    ^
configure:6120: $? = 1
configure: failed program was:
| /* confdefs.h */
| #define PACKAGE_NAME "memcached"
| #define PACKAGE_TARNAME "memcached"
| #define PACKAGE_VERSION "1.6.9"
| #define PACKAGE_STRING "memcached 1.6.9"
| #define PACKAGE_BUGREPORT "memcached@googlegroups.com"
| #define PACKAGE_URL ""
| #define PACKAGE "memcached"
| #define VERSION "1.6.9"
| #define STDC_HEADERS 1
| #define HAVE_SYS_TYPES_H 1
| #define HAVE_SYS_STAT_H 1
| #define HAVE_STDLIB_H 1
| #define HAVE_STRING_H 1
| #define HAVE_MEMORY_H 1
| #define HAVE_STRINGS_H 1
| #define HAVE_INTTYPES_H 1
| #define HAVE_STDINT_H 1
| #define HAVE_UNISTD_H 1
| #define EXTSTORE 1
| #define SIZEOF_VOID_P 8
| #define HAVE_LIBEVENT_NEW 1
| /* end confdefs.h.  */
| #include <stdio.h>
| #ifdef HAVE_SYS_TYPES_H
| # include <sys/types.h>
| #endif
| #ifdef HAVE_SYS_STAT_H
| # include <sys/stat.h>
| #endif
| #ifdef STDC_HEADERS
| # include <stdlib.h>
| # include <stddef.h>
| #else
| # ifdef HAVE_STDLIB_H
| #  include <stdlib.h>
| # endif
| #endif
| #ifdef HAVE_STRING_H
| # if !defined STDC_HEADERS && defined HAVE_MEMORY_H
| #  include <memory.h>
| # endif
| # include <string.h>
| #endif
| #ifdef HAVE_STRINGS_H
| # include <strings.h>
| #endif
| #ifdef HAVE_INTTYPES_H
| # include <inttypes.h>
| #endif
| #ifdef HAVE_STDINT_H
| # include <stdint.h>
| #endif
| #ifdef HAVE_UNISTD_H
| # include <unistd.h>
| #endif
| int
| main ()
| {
| if (sizeof ((_Bool)))
| 	    return 0;
|   ;
|   return 0;
| }
configure:6120: result: yes
configure:6141: checking for inttypes.h
configure:6141: result: yes
configure:6156: checking for sasl_callback_ft
configure:6180: gcc -c -g -O2 -pthread -pthread  conftest.c >&5
conftest.c: In function 'main':
conftest.c:37:5: error: unknown type name 'sasl_callback_ft'
   37 |     sasl_callback_ft a_callback;
      |     ^~~~~~~~~~~~~~~~
configure:6180: $? = 1
configure: failed program was:
| /* confdefs.h */
| #define PACKAGE_NAME "memcached"
| #define PACKAGE_TARNAME "memcached"
| #define PACKAGE_VERSION "1.6.9"
| #define PACKAGE_STRING "memcached 1.6.9"
| #define PACKAGE_BUGREPORT "memcached@googlegroups.com"
| #define PACKAGE_URL ""
| #define PACKAGE "memcached"
| #define VERSION "1.6.9"
| #define STDC_HEADERS 1
| #define HAVE_SYS_TYPES_H 1
| #define HAVE_SYS_STAT_H 1
| #define HAVE_STDLIB_H 1
| #define HAVE_STRING_H 1
| #define HAVE_MEMORY_H 1
| #define HAVE_STRINGS_H 1
| #define HAVE_INTTYPES_H 1
| #define HAVE_STDINT_H 1
| #define HAVE_UNISTD_H 1
| #define EXTSTORE 1
| #define SIZEOF_VOID_P 8
| #define HAVE_LIBEVENT_NEW 1
| #define HAVE__BOOL 1
| #define HAVE_STDBOOL_H 1
| #define HAVE_INTTYPES_H 1
| /* end confdefs.h.  */
| 
|     #ifdef HAVE_SASL_SASL_H
|     #include <sasl/sasl.h>
|     #include <sasl/saslplug.h>
|     #endif
| 
| int
| main ()
| {
| 
|     sasl_callback_ft a_callback;
| 
|   ;
|   return 0;
| }
configure:6192: result: no
configure:6204: checking for print macros for integers (C99 section 7.8.1)
configure:6228: gcc -c -g -O2 -pthread -pthread  conftest.c >&5
configure:6228: $? = 0
configure:6236: result: yes
configure:6252: checking for an ANSI C-conforming const
configure:6318: gcc -c -g -O2 -pthread -pthread  conftest.c >&5
configure:6318: $? = 0
configure:6325: result: yes
configure:6336: checking for socklen_t
configure:6358: gcc -c -g -O2 -pthread -pthread  conftest.c >&5
configure:6358: $? = 0
configure:6370: result: yes
configure:6379: checking whether byte ordering is bigendian
configure:6394: gcc -c -g -O2 -pthread -pthread  conftest.c >&5
conftest.c:28:9: error: unknown type name 'not'
   28 |         not a universal capable compiler
      |         ^~~
conftest.c:28:15: error: expected '=', ',', ';', 'asm' or '__attribute__' before 'universal'
   28 |         not a universal capable compiler
      |               ^~~~~~~~~
conftest.c:28:15: error: unknown type name 'universal'
configure:6394: $? = 1
configure: failed program was:
| /* confdefs.h */
| #define PACKAGE_NAME "memcached"
| #define PACKAGE_TARNAME "memcached"
| #define PACKAGE_VERSION "1.6.9"
| #define PACKAGE_STRING "memcached 1.6.9"
| #define PACKAGE_BUGREPORT "memcached@googlegroups.com"
| #define PACKAGE_URL ""
| #define PACKAGE "memcached"
| #define VERSION "1.6.9"
| #define STDC_HEADERS 1
| #define HAVE_SYS_TYPES_H 1
| #define HAVE_SYS_STAT_H 1
| #define HAVE_STDLIB_H 1
| #define HAVE_STRING_H 1
| #define HAVE_MEMORY_H 1
| #define HAVE_STRINGS_H 1
| #define HAVE_INTTYPES_H 1
| #define HAVE_STDINT_H 1
| #define HAVE_UNISTD_H 1
| #define EXTSTORE 1
| #define SIZEOF_VOID_P 8
| #define HAVE_LIBEVENT_NEW 1
| #define HAVE__BOOL 1
| #define HAVE_STDBOOL_H 1
| #define HAVE_INTTYPES_H 1
| /* end confdefs.h.  */
| #ifndef __APPLE_CC__
| 	       not a universal capable compiler
| 	     #endif
| 	     typedef int dummy;
| 
configure:6439: gcc -c -g -O2 -pthread -pthread  conftest.c >&5
configure:6439: $? = 0
configure:6457: gcc -c -g -O2 -pthread -pthread  conftest.c >&5
conftest.c: In function 'main':
conftest.c:34:4: error: unknown type name 'not'; did you mean 'ino_t'?
   34 |    not big endian
      |    ^~~
      |    ino_t
conftest.c:34:12: error: expected '=', ',', ';', 'asm' or '__attribute__' before 'endian'
   34 |    not big endian
      |            ^~~~~~
configure:6457: $? = 1
configure: failed program was:
| /* confdefs.h */
| #define PACKAGE_NAME "memcached"
| #define PACKAGE_TARNAME "memcached"
| #define PACKAGE_VERSION "1.6.9"
| #define PACKAGE_STRING "memcached 1.6.9"
| #define PACKAGE_BUGREPORT "memcached@googlegroups.com"
| #define PACKAGE_URL ""
| #define PACKAGE "memcached"
| #define VERSION "1.6.9"
| #define STDC_HEADERS 1
| #define HAVE_SYS_TYPES_H 1
| #define HAVE_SYS_STAT_H 1
| #define HAVE_STDLIB_H 1
| #define HAVE_STRING_H 1
| #define HAVE_MEMORY_H 1
| #define HAVE_STRINGS_H 1
| #define HAVE_INTTYPES_H 1
| #define HAVE_STDINT_H 1
| #define HAVE_UNISTD_H 1
| #define EXTSTORE 1
| #define SIZEOF_VOID_P 8
| #define HAVE_LIBEVENT_NEW 1
| #define HAVE__BOOL 1
| #define HAVE_STDBOOL_H 1
| #define HAVE_INTTYPES_H 1
| /* end confdefs.h.  */
| #include <sys/types.h>
| 		#include <sys/param.h>
| 
| int
| main ()
| {
| #if BYTE_ORDER != BIG_ENDIAN
| 		 not big endian
| 		#endif
| 
|   ;
|   return 0;
| }
configure:6585: result: no
configure:6609: checking for htonll
configure:6631: gcc -o conftest -g -O2 -pthread -pthread   conftest.c -levent  >&5
conftest.c:32:23: warning: extra tokens at end of #include directive
   32 | #include <inttypes.h> */
      |                       ^
conftest.c: In function 'main':
conftest.c:39:18: warning: implicit declaration of function 'htonll'; did you mean 'htonl'? [-Wimplicit-function-declaration]
   39 |           return htonll(0);
      |                  ^~~~~~
      |                  htonl
/usr/bin/ld: /tmp/ccz9OHQy.o: in function `main':
/home/gautam/Desktop/sifter/prac/memcached-1.6.9/conftest.c:39: undefined reference to `htonll'
collect2: error: ld returned 1 exit status
configure:6631: $? = 1
configure: failed program was:
| /* confdefs.h */
| #define PACKAGE_NAME "memcached"
| #define PACKAGE_TARNAME "memcached"
| #define PACKAGE_VERSION "1.6.9"
| #define PACKAGE_STRING "memcached 1.6.9"
| #define PACKAGE_BUGREPORT "memcached@googlegroups.com"
| #define PACKAGE_URL ""
| #define PACKAGE "memcached"
| #define VERSION "1.6.9"
| #define STDC_HEADERS 1
| #define HAVE_SYS_TYPES_H 1
| #define HAVE_SYS_STAT_H 1
| #define HAVE_STDLIB_H 1
| #define HAVE_STRING_H 1
| #define HAVE_MEMORY_H 1
| #define HAVE_STRINGS_H 1
| #define HAVE_INTTYPES_H 1
| #define HAVE_STDINT_H 1
| #define HAVE_UNISTD_H 1
| #define EXTSTORE 1
| #define SIZEOF_VOID_P 8
| #define HAVE_LIBEVENT_NEW 1
| #define HAVE__BOOL 1
| #define HAVE_STDBOOL_H 1
| #define HAVE_INTTYPES_H 1
| #define ENDIAN_LITTLE 1
| /* end confdefs.h.  */
| 
| #include <sys/types.h>
| #include <netinet/in.h>
| #ifdef HAVE_INTTYPES_H
| #include <inttypes.h> */
| #endif
| 
| int
| main ()
| {
| 
|           return htonll(0);
| 
|   ;
|   return 0;
| }
configure:6646: result: no
configure:6650: checking for library containing pthread_create
configure:6681: gcc -o conftest -g -O2 -pthread -pthread   conftest.c -levent  >&5
configure:6681: $? = 0
configure:6698: result: none required
configure:6712: checking for mlockall
configure:6712: gcc -o conftest -g -O2 -pthread -pthread   conftest.c -levent  >&5
configure:6712: $? = 0
configure:6712: result: yes
configure:6723: checking for getpagesizes
configure:6723: gcc -o conftest -g -O2 -pthread -pthread   conftest.c -levent  >&5
/usr/bin/ld: /tmp/ccVVD11f.o: in function `main':
/home/gautam/Desktop/sifter/prac/memcached-1.6.9/conftest.c:63: undefined reference to `getpagesizes'
collect2: error: ld returned 1 exit status
configure:6723: $? = 1
configure: failed program was:
| /* confdefs.h */
| #define PACKAGE_NAME "memcached"
| #define PACKAGE_TARNAME "memcached"
| #define PACKAGE_VERSION "1.6.9"
| #define PACKAGE_STRING "memcached 1.6.9"
| #define PACKAGE_BUGREPORT "memcached@googlegroups.com"
| #define PACKAGE_URL ""
| #define PACKAGE "memcached"
| #define VERSION "1.6.9"
| #define STDC_HEADERS 1
| #define HAVE_SYS_TYPES_H 1
| #define HAVE_SYS_STAT_H 1
| #define HAVE_STDLIB_H 1
| #define HAVE_STRING_H 1
| #define HAVE_MEMORY_H 1
| #define HAVE_STRINGS_H 1
| #define HAVE_INTTYPES_H 1
| #define HAVE_STDINT_H 1
| #define HAVE_UNISTD_H 1
| #define EXTSTORE 1
| #define SIZEOF_VOID_P 8
| #define HAVE_LIBEVENT_NEW 1
| #define HAVE__BOOL 1
| #define HAVE_STDBOOL_H 1
| #define HAVE_INTTYPES_H 1
| #define ENDIAN_LITTLE 1
| #define HAVE_MLOCKALL 1
| /* end confdefs.h.  */
| /* Define getpagesizes to an innocuous variant, in case <limits.h> declares getpagesizes.
|    For example, HP-UX 11i <limits.h> declares gettimeofday.  */
| #define getpagesizes innocuous_getpagesizes
| 
| /* System header to define __stub macros and hopefully few prototypes,
|     which can conflict with char getpagesizes (); below.
|     Prefer <limits.h> to <assert.h> if __STDC__ is defined, since
|     <limits.h> exists even on freestanding compilers.  */
| 
| #ifdef __STDC__
| # include <limits.h>
| #else
| # include <assert.h>
| #endif
| 
| #undef getpagesizes
| 
| /* Override any GCC internal prototype to avoid an error.
|    Use char because int might match the return type of a GCC
|    builtin and then its argument prototype would still apply.  */
| #ifdef __cplusplus
| extern "C"
| #endif
| char getpagesizes ();
| /* The GNU C library defines this for functions which it implements
|     to always fail with ENOSYS.  Some functions are actually named
|     something starting with __ and the normal name is an alias.  */
| #if defined __stub_getpagesizes || defined __stub___getpagesizes
| choke me
| #endif
| 
| int
| main ()
| {
| return getpagesizes ();
|   ;
|   return 0;
| }
configure:6723: result: no
configure:6734: checking for sysconf
configure:6734: gcc -o conftest -g -O2 -pthread -pthread   conftest.c -levent  >&5
configure:6734: $? = 0
configure:6734: result: yes
configure:6745: checking for memcntl
configure:6745: gcc -o conftest -g -O2 -pthread -pthread   conftest.c -levent  >&5
/usr/bin/ld: /tmp/ccFoR5S9.o: in function `main':
/home/gautam/Desktop/sifter/prac/memcached-1.6.9/conftest.c:64: undefined reference to `memcntl'
collect2: error: ld returned 1 exit status
configure:6745: $? = 1
configure: failed program was:
| /* confdefs.h */
| #define PACKAGE_NAME "memcached"
| #define PACKAGE_TARNAME "memcached"
| #define PACKAGE_VERSION "1.6.9"
| #define PACKAGE_STRING "memcached 1.6.9"
| #define PACKAGE_BUGREPORT "memcached@googlegroups.com"
| #define PACKAGE_URL ""
| #define PACKAGE "memcached"
| #define VERSION "1.6.9"
| #define STDC_HEADERS 1
| #define HAVE_SYS_TYPES_H 1
| #define HAVE_SYS_STAT_H 1
| #define HAVE_STDLIB_H 1
| #define HAVE_STRING_H 1
| #define HAVE_MEMORY_H 1
| #define HAVE_STRINGS_H 1
| #define HAVE_INTTYPES_H 1
| #define HAVE_STDINT_H 1
| #define HAVE_UNISTD_H 1
| #define EXTSTORE 1
| #define SIZEOF_VOID_P 8
| #define HAVE_LIBEVENT_NEW 1
| #define HAVE__BOOL 1
| #define HAVE_STDBOOL_H 1
| #define HAVE_INTTYPES_H 1
| #define ENDIAN_LITTLE 1
| #define HAVE_MLOCKALL 1
| #define HAVE_SYSCONF 1
| /* end confdefs.h.  */
| /* Define memcntl to an innocuous variant, in case <limits.h> declares memcntl.
|    For example, HP-UX 11i <limits.h> declares gettimeofday.  */
| #define memcntl innocuous_memcntl
| 
| /* System header to define __stub macros and hopefully few prototypes,
|     which can conflict with char memcntl (); below.
|     Prefer <limits.h> to <assert.h> if __STDC__ is defined, since
|     <limits.h> exists even on freestanding compilers.  */
| 
| #ifdef __STDC__
| # include <limits.h>
| #else
| # include <assert.h>
| #endif
| 
| #undef memcntl
| 
| /* Override any GCC internal prototype to avoid an error.
|    Use char because int might match the return type of a GCC
|    builtin and then its argument prototype would still apply.  */
| #ifdef __cplusplus
| extern "C"
| #endif
| char memcntl ();
| /* The GNU C library defines this for functions which it implements
|     to always fail with ENOSYS.  Some functions are actually named
|     something starting with __ and the normal name is an alias.  */
| #if defined __stub_memcntl || defined __stub___memcntl
| choke me
| #endif
| 
| int
| main ()
| {
| return memcntl ();
|   ;
|   return 0;
| }
configure:6745: result: no
configure:6756: checking for clock_gettime
configure:6756: gcc -o conftest -g -O2 -pthread -pthread   conftest.c -levent  >&5
configure:6756: $? = 0
configure:6756: result: yes
configure:6767: checking for preadv
configure:6767: gcc -o conftest -g -O2 -pthread -pthread   conftest.c -levent  >&5
configure:6767: $? = 0
configure:6767: result: yes
configure:6778: checking for pread
configure:6778: gcc -o conftest -g -O2 -pthread -pthread   conftest.c -levent  >&5
configure:6778: $? = 0
configure:6778: result: yes
configure:6789: checking for accept4
configure:6789: gcc -o conftest -g -O2 -pthread -pthread   conftest.c -levent  >&5
configure:6789: $? = 0
configure:6789: result: yes
configure:6802: checking for getopt_long
configure:6802: gcc -o conftest -g -O2 -pthread -pthread   conftest.c -levent  >&5
configure:6802: $? = 0
configure:6802: result: yes
configure:6816: checking for alignment
configure:6863: gcc -o conftest -g -O2 -pthread -pthread   conftest.c -levent  >&5
configure:6863: $? = 0
configure:6863: ./conftest
configure:6863: $? = 0
configure:6878: result: none
configure:6895: checking for GCC atomics
configure:6913: gcc -o conftest -g -O2 -pthread -pthread   conftest.c -levent  >&5
configure:6913: $? = 0
configure:6921: result: yes
configure:6925: checking for GCC 64bit atomics
configure:6944: gcc -o conftest -g -O2 -pthread -pthread   conftest.c -levent  >&5
configure:6944: $? = 0
configure:6952: result: yes
configure:6957: checking for setppriv
configure:6957: gcc -o conftest -g -O2 -pthread -pthread   conftest.c -levent  >&5
/usr/bin/ld: /tmp/ccyrlOVJ.o: in function `main':
/home/gautam/Desktop/sifter/prac/memcached-1.6.9/conftest.c:73: undefined reference to `setppriv'
collect2: error: ld returned 1 exit status
configure:6957: $? = 1
configure: failed program was:
| /* confdefs.h */
| #define PACKAGE_NAME "memcached"
| #define PACKAGE_TARNAME "memcached"
| #define PACKAGE_VERSION "1.6.9"
| #define PACKAGE_STRING "memcached 1.6.9"
| #define PACKAGE_BUGREPORT "memcached@googlegroups.com"
| #define PACKAGE_URL ""
| #define PACKAGE "memcached"
| #define VERSION "1.6.9"
| #define STDC_HEADERS 1
| #define HAVE_SYS_TYPES_H 1
| #define HAVE_SYS_STAT_H 1
| #define HAVE_STDLIB_H 1
| #define HAVE_STRING_H 1
| #define HAVE_MEMORY_H 1
| #define HAVE_STRINGS_H 1
| #define HAVE_INTTYPES_H 1
| #define HAVE_STDINT_H 1
| #define HAVE_UNISTD_H 1
| #define EXTSTORE 1
| #define SIZEOF_VOID_P 8
| #define HAVE_LIBEVENT_NEW 1
| #define HAVE__BOOL 1
| #define HAVE_STDBOOL_H 1
| #define HAVE_INTTYPES_H 1
| #define ENDIAN_LITTLE 1
| #define HAVE_MLOCKALL 1
| #define HAVE_SYSCONF 1
| #define HAVE_CLOCK_GETTIME 1
| #define HAVE_PREADV 1
| #define HAVE_PREAD 1
| #define HAVE_ACCEPT4 1
| #define HAVE_ACCEPT4 1
| #define HAVE_GETOPT_LONG 1
| #define HAVE_GETOPT_LONG 1
| #define HAVE_GCC_ATOMICS 1
| #define HAVE_GCC_64ATOMICS 1
| /* end confdefs.h.  */
| /* Define setppriv to an innocuous variant, in case <limits.h> declares setppriv.
|    For example, HP-UX 11i <limits.h> declares gettimeofday.  */
| #define setppriv innocuous_setppriv
| 
| /* System header to define __stub macros and hopefully few prototypes,
|     which can conflict with char setppriv (); below.
|     Prefer <limits.h> to <assert.h> if __STDC__ is defined, since
|     <limits.h> exists even on freestanding compilers.  */
| 
| #ifdef __STDC__
| # include <limits.h>
| #else
| # include <assert.h>
| #endif
| 
| #undef setppriv
| 
| /* Override any GCC internal prototype to avoid an error.
|    Use char because int might match the return type of a GCC
|    builtin and then its argument prototype would still apply.  */
| #ifdef __cplusplus
| extern "C"
| #endif
| char setppriv ();
| /* The GNU C library defines this for functions which it implements
|     to always fail with ENOSYS.  Some functions are actually named
|     something starting with __ and the normal name is an alias.  */
| #if defined __stub_setppriv || defined __stub___setppriv
| choke me
| #endif
| 
| int
| main ()
| {
| return setppriv ();
|   ;
|   return 0;
| }
configure:6957: result: no
configure:7035: checking for pledge
configure:7035: gcc -o conftest -g -O2 -pthread -pthread   conftest.c -levent  >&5
/usr/bin/ld: /tmp/ccvkW1cK.o: in function `main':
/home/gautam/Desktop/sifter/prac/memcached-1.6.9/conftest.c:73: undefined reference to `pledge'
collect2: error: ld returned 1 exit status
configure:7035: $? = 1
configure: failed program was:
| /* confdefs.h */
| #define PACKAGE_NAME "memcached"
| #define PACKAGE_TARNAME "memcached"
| #define PACKAGE_VERSION "1.6.9"
| #define PACKAGE_STRING "memcached 1.6.9"
| #define PACKAGE_BUGREPORT "memcached@googlegroups.com"
| #define PACKAGE_URL ""
| #define PACKAGE "memcached"
| #define VERSION "1.6.9"
| #define STDC_HEADERS 1
| #define HAVE_SYS_TYPES_H 1
| #define HAVE_SYS_STAT_H 1
| #define HAVE_STDLIB_H 1
| #define HAVE_STRING_H 1
| #define HAVE_MEMORY_H 1
| #define HAVE_STRINGS_H 1
| #define HAVE_INTTYPES_H 1
| #define HAVE_STDINT_H 1
| #define HAVE_UNISTD_H 1
| #define EXTSTORE 1
| #define SIZEOF_VOID_P 8
| #define HAVE_LIBEVENT_NEW 1
| #define HAVE__BOOL 1
| #define HAVE_STDBOOL_H 1
| #define HAVE_INTTYPES_H 1
| #define ENDIAN_LITTLE 1
| #define HAVE_MLOCKALL 1
| #define HAVE_SYSCONF 1
| #define HAVE_CLOCK_GETTIME 1
| #define HAVE_PREADV 1
| #define HAVE_PREAD 1
| #define HAVE_ACCEPT4 1
| #define HAVE_ACCEPT4 1
| #define HAVE_GETOPT_LONG 1
| #define HAVE_GETOPT_LONG 1
| #define HAVE_GCC_ATOMICS 1
| #define HAVE_GCC_64ATOMICS 1
| /* end confdefs.h.  */
| /* Define pledge to an innocuous variant, in case <limits.h> declares pledge.
|    For example, HP-UX 11i <limits.h> declares gettimeofday.  */
| #define pledge innocuous_pledge
| 
| /* System header to define __stub macros and hopefully few prototypes,
|     which can conflict with char pledge (); below.
|     Prefer <limits.h> to <assert.h> if __STDC__ is defined, since
|     <limits.h> exists even on freestanding compilers.  */
| 
| #ifdef __STDC__
| # include <limits.h>
| #else
| # include <assert.h>
| #endif
| 
| #undef pledge
| 
| /* Override any GCC internal prototype to avoid an error.
|    Use char because int might match the return type of a GCC
|    builtin and then its argument prototype would still apply.  */
| #ifdef __cplusplus
| extern "C"
| #endif
| char pledge ();
| /* The GNU C library defines this for functions which it implements
|     to always fail with ENOSYS.  Some functions are actually named
|     something starting with __ and the normal name is an alias.  */
| #if defined __stub_pledge || defined __stub___pledge
| choke me
| #endif
| 
| int
| main ()
| {
| return pledge ();
|   ;
|   return 0;
| }
configure:7035: result: no
configure:7059: checking for cap_enter
configure:7059: gcc -o conftest -g -O2 -pthread -pthread   conftest.c -levent  >&5
/usr/bin/ld: /tmp/ccLwpgeP.o: in function `main':
/home/gautam/Desktop/sifter/prac/memcached-1.6.9/conftest.c:73: undefined reference to `cap_enter'
collect2: error: ld returned 1 exit status
configure:7059: $? = 1
configure: failed program was:
| /* confdefs.h */
| #define PACKAGE_NAME "memcached"
| #define PACKAGE_TARNAME "memcached"
| #define PACKAGE_VERSION "1.6.9"
| #define PACKAGE_STRING "memcached 1.6.9"
| #define PACKAGE_BUGREPORT "memcached@googlegroups.com"
| #define PACKAGE_URL ""
| #define PACKAGE "memcached"
| #define VERSION "1.6.9"
| #define STDC_HEADERS 1
| #define HAVE_SYS_TYPES_H 1
| #define HAVE_SYS_STAT_H 1
| #define HAVE_STDLIB_H 1
| #define HAVE_STRING_H 1
| #define HAVE_MEMORY_H 1
| #define HAVE_STRINGS_H 1
| #define HAVE_INTTYPES_H 1
| #define HAVE_STDINT_H 1
| #define HAVE_UNISTD_H 1
| #define EXTSTORE 1
| #define SIZEOF_VOID_P 8
| #define HAVE_LIBEVENT_NEW 1
| #define HAVE__BOOL 1
| #define HAVE_STDBOOL_H 1
| #define HAVE_INTTYPES_H 1
| #define ENDIAN_LITTLE 1
| #define HAVE_MLOCKALL 1
| #define HAVE_SYSCONF 1
| #define HAVE_CLOCK_GETTIME 1
| #define HAVE_PREADV 1
| #define HAVE_PREAD 1
| #define HAVE_ACCEPT4 1
| #define HAVE_ACCEPT4 1
| #define HAVE_GETOPT_LONG 1
| #define HAVE_GETOPT_LONG 1
| #define HAVE_GCC_ATOMICS 1
| #define HAVE_GCC_64ATOMICS 1
| /* end confdefs.h.  */
| /* Define cap_enter to an innocuous variant, in case <limits.h> declares cap_enter.
|    For example, HP-UX 11i <limits.h> declares gettimeofday.  */
| #define cap_enter innocuous_cap_enter
| 
| /* System header to define __stub macros and hopefully few prototypes,
|     which can conflict with char cap_enter (); below.
|     Prefer <limits.h> to <assert.h> if __STDC__ is defined, since
|     <limits.h> exists even on freestanding compilers.  */
| 
| #ifdef __STDC__
| # include <limits.h>
| #else
| # include <assert.h>
| #endif
| 
| #undef cap_enter
| 
| /* Override any GCC internal prototype to avoid an error.
|    Use char because int might match the return type of a GCC
|    builtin and then its argument prototype would still apply.  */
| #ifdef __cplusplus
| extern "C"
| #endif
| char cap_enter ();
| /* The GNU C library defines this for functions which it implements
|     to always fail with ENOSYS.  Some functions are actually named
|     something starting with __ and the normal name is an alias.  */
| #if defined __stub_cap_enter || defined __stub___cap_enter
| choke me
| #endif
| 
| int
| main ()
| {
| return cap_enter ();
|   ;
|   return 0;
| }
configure:7059: result: no
configure:7123: checking for xml2rfc
configure:7154: result: no
configure:7164: checking for xsltproc
configure:7195: result: no
configure:7342: checking that generated files are newer than configure
configure:7348: result: done
configure:7428: creating ./config.status

## ---------------------- ##
## Running config.status. ##
## ---------------------- ##

This file was extended by memcached config.status 1.6.9, which was
generated by GNU Autoconf 2.69.  Invocation command line was

  CONFIG_FILES    = 
  CONFIG_HEADERS  = 
  CONFIG_LINKS    = 
  CONFIG_COMMANDS = 
  $ ./config.status 

on abcd

config.status:913: creating Makefile
config.status:913: creating doc/Makefile
config.status:913: creating config.h
config.status:1094: config.h is unchanged
config.status:1142: executing depfiles commands
config.status:1219: cd .       && sed -e '/# am--include-marker/d' Makefile         | make -f - am--depfiles
make: Nothing to be done for 'am--depfiles'.
config.status:1224: $? = 0

## ---------------- ##
## Cache variables. ##
## ---------------- ##

ac_cv_build=x86_64-pc-linux-gnu
ac_cv_c_alignment=none
ac_cv_c_bigendian=no
ac_cv_c_compiler_gnu=yes
ac_cv_c_const=yes
ac_cv_c_socklen_t=yes
ac_cv_c_uint64_support=yes
ac_cv_env_CC_set=
ac_cv_env_CC_value=
ac_cv_env_CFLAGS_set=
ac_cv_env_CFLAGS_value=
ac_cv_env_CPPFLAGS_set=
ac_cv_env_CPPFLAGS_value=
ac_cv_env_CPP_set=
ac_cv_env_CPP_value=
ac_cv_env_LDFLAGS_set=
ac_cv_env_LDFLAGS_value=
ac_cv_env_LIBS_set=
ac_cv_env_LIBS_value=
ac_cv_env_build_alias_set=
ac_cv_env_build_alias_value=
ac_cv_env_host_alias_set=
ac_cv_env_host_alias_value=
ac_cv_env_target_alias_set=
ac_cv_env_target_alias_value=
ac_cv_func_accept4=yes
ac_cv_func_cap_enter=no
ac_cv_func_clock_gettime=yes
ac_cv_func_getopt_long=yes
ac_cv_func_getpagesizes=no
ac_cv_func_memcntl=no
ac_cv_func_mlockall=yes
ac_cv_func_pledge=no
ac_cv_func_pread=yes
ac_cv_func_preadv=yes
ac_cv_func_setppriv=no
ac_cv_func_sysconf=yes
ac_cv_has_sasl_callback_ft=no
ac_cv_have_decl___SUNPRO_C=no
ac_cv_header_inttypes_h=yes
ac_cv_header_memory_h=yes
ac_cv_header_sasl_sasl_h=no
ac_cv_header_stdbool_h=yes
ac_cv_header_stdc=yes
ac_cv_header_stdint_h=yes
ac_cv_header_stdlib_h=yes
ac_cv_header_string_h=yes
ac_cv_header_strings_h=yes
ac_cv_header_sys_stat_h=yes
ac_cv_header_sys_types_h=yes
ac_cv_header_unistd_h=yes
ac_cv_host=x86_64-pc-linux-gnu
ac_cv_lib_gcov_main=yes
ac_cv_libevent_dir='(system)'
ac_cv_objext=o
ac_cv_path_EGREP='/bin/grep -E'
ac_cv_path_GREP=/bin/grep
ac_cv_path_PROFILER=/usr/bin/gcov
ac_cv_path_XML2RFC=no
ac_cv_path_XSLTPROC=no
ac_cv_path_install='/usr/bin/install -c'
ac_cv_path_mkdir=/bin/mkdir
ac_cv_prog_AWK=gawk
ac_cv_prog_CPP='gcc -E'
ac_cv_prog_ac_ct_CC=gcc
ac_cv_prog_cc_c89=
ac_cv_prog_cc_c99=
ac_cv_prog_cc_g=yes
ac_cv_prog_make_make_set=yes
ac_cv_search_clock_gettime='none required'
ac_cv_search_gethostbyname='none required'
ac_cv_search_gethugepagesizes=no
ac_cv_search_pthread_create='none required'
ac_cv_search_socket='none required'
ac_cv_sizeof_void_p=8
ac_cv_type__Bool=yes
am_cv_CC_dependencies_compiler_type=gcc3
am_cv_make_support_nested_variables=yes
am_cv_prog_cc_c_o=yes

## ----------------- ##
## Output variables. ##
## ----------------- ##

ACLOCAL='${SHELL} /home/gautam/Desktop/sifter/prac/memcached-1.6.9/missing aclocal-1.16'
AMDEPBACKSLASH='\'
AMDEP_FALSE='#'
AMDEP_TRUE=''
AMTAR='$${TAR-tar}'
AM_BACKSLASH='\'
AM_DEFAULT_V='$(AM_DEFAULT_VERBOSITY)'
AM_DEFAULT_VERBOSITY='1'
AM_V='$(V)'
AUTOCONF='${SHELL} /home/gautam/Desktop/sifter/prac/memcached-1.6.9/missing autoconf'
AUTOHEADER='${SHELL} /home/gautam/Desktop/sifter/prac/memcached-1.6.9/missing autoheader'
AUTOMAKE='${SHELL} /home/gautam/Desktop/sifter/prac/memcached-1.6.9/missing automake-1.16'
AWK='gawk'
BUILD_DTRACE_FALSE=''
BUILD_DTRACE_TRUE='#'
BUILD_FREEBSD_PRIVS_FALSE=''
BUILD_FREEBSD_PRIVS_TRUE='#'
BUILD_LINUX_PRIVS_FALSE=''
BUILD_LINUX_PRIVS_TRUE='#'
BUILD_OPENBSD_PRIVS_FALSE=''
BUILD_OPENBSD_PRIVS_TRUE='#'
BUILD_SOLARIS_PRIVS_FALSE=''
BUILD_SOLARIS_PRIVS_TRUE='#'
BUILD_SPECIFICATIONS_FALSE=''
BUILD_SPECIFICATIONS_TRUE='#'
CC='gcc'
CCDEPMODE='depmode=gcc3'
CFLAGS='-g -O2 -pthread -pthread -Wall -Werror -pedantic -Wmissing-prototypes -Wmissing-declarations -Wredundant-decls'
CPP='gcc -E'
CPPFLAGS=''
CYGPATH_W='echo'
DEFS='-DHAVE_CONFIG_H'
DEPDIR='.deps'
DISABLE_UNIX_SOCKET_FALSE=''
DISABLE_UNIX_SOCKET_TRUE='#'
DTRACE=''
DTRACEFLAGS=''
DTRACE_INSTRUMENT_OBJ_FALSE=''
DTRACE_INSTRUMENT_OBJ_TRUE='#'
ECHO_C=''
ECHO_N='-n'
ECHO_T=''
EGREP='/bin/grep -E'
ENABLE_ARM_CRC32_FALSE=''
ENABLE_ARM_CRC32_TRUE='#'
ENABLE_ASAN_FALSE=''
ENABLE_ASAN_TRUE='#'
ENABLE_EXTSTORE_FALSE='#'
ENABLE_EXTSTORE_TRUE=''
ENABLE_SASL=''
ENABLE_SASL_FALSE=''
ENABLE_SASL_TRUE='#'
ENABLE_STATIC_FALSE=''
ENABLE_STATIC_TRUE='#'
ENABLE_TLS_FALSE=''
ENABLE_TLS_TRUE='#'
EXEEXT=''
GREP='/bin/grep'
INSTALL_DATA='${INSTALL} -m 644'
INSTALL_PROGRAM='${INSTALL}'
INSTALL_SCRIPT='${INSTALL}'
INSTALL_STRIP_PROGRAM='$(install_sh) -c -s'
LDFLAGS=''
LIBOBJS=''
LIBS='-levent '
LTLIBOBJS=''
MAKEINFO='${SHELL} /home/gautam/Desktop/sifter/prac/memcached-1.6.9/missing makeinfo'
MKDIR_P='/bin/mkdir -p'
OBJEXT='o'
PACKAGE='memcached'
PACKAGE_BUGREPORT='memcached@googlegroups.com'
PACKAGE_NAME='memcached'
PACKAGE_STRING='memcached 1.6.9'
PACKAGE_TARNAME='memcached'
PACKAGE_URL=''
PACKAGE_VERSION='1.6.9'
PATH_SEPARATOR=':'
PROFILER='/usr/bin/gcov'
PROFILER_FLAGS='-fprofile-arcs -ftest-coverage'
PROFILER_LDFLAGS='-lgcov'
SET_MAKE=''
SHELL='/bin/sh'
STRIP=''
VERSION='1.6.9'
XML2RFC='no'
XSLTPROC='no'
ac_ct_CC='gcc'
am__EXEEXT_FALSE=''
am__EXEEXT_TRUE='#'
am__fastdepCC_FALSE='#'
am__fastdepCC_TRUE=''
am__include='include'
am__isrc=''
am__leading_dot='.'
am__nodep='_no'
am__quote=''
am__tar='$${TAR-tar} chof - "$$tardir"'
am__untar='$${TAR-tar} xf -'
bindir='${exec_prefix}/bin'
build='x86_64-pc-linux-gnu'
build_alias=''
build_cpu='x86_64'
build_os='linux-gnu'
build_vendor='pc'
datadir='${datarootdir}'
datarootdir='${prefix}/share'
docdir='${datarootdir}/doc/${PACKAGE_TARNAME}'
dvidir='${docdir}'
exec_prefix='${prefix}'
host='x86_64-pc-linux-gnu'
host_alias=''
host_cpu='x86_64'
host_os='linux-gnu'
host_vendor='pc'
htmldir='${docdir}'
includedir='${prefix}/include'
infodir='${datarootdir}/info'
install_sh='${SHELL} /home/gautam/Desktop/sifter/prac/memcached-1.6.9/install-sh'
libdir='${exec_prefix}/lib'
libexecdir='${exec_prefix}/libexec'
localedir='${datarootdir}/locale'
localstatedir='${prefix}/var'
mandir='${datarootdir}/man'
mkdir_p='$(MKDIR_P)'
oldincludedir='/usr/include'
pdfdir='${docdir}'
prefix='/usr/local'
program_transform_name='s,x,x,'
psdir='${docdir}'
runstatedir='${localstatedir}/run'
sbindir='${exec_prefix}/sbin'
sharedstatedir='${prefix}/com'
sysconfdir='${prefix}/etc'
target_alias=''

## ----------- ##
## confdefs.h. ##
## ----------- ##

/* confdefs.h */
#define PACKAGE_NAME "memcached"
#define PACKAGE_TARNAME "memcached"
#define PACKAGE_VERSION "1.6.9"
#define PACKAGE_STRING "memcached 1.6.9"
#define PACKAGE_BUGREPORT "memcached@googlegroups.com"
#define PACKAGE_URL ""
#define PACKAGE "memcached"
#define VERSION "1.6.9"
#define STDC_HEADERS 1
#define HAVE_SYS_TYPES_H 1
#define HAVE_SYS_STAT_H 1
#define HAVE_STDLIB_H 1
#define HAVE_STRING_H 1
#define HAVE_MEMORY_H 1
#define HAVE_STRINGS_H 1
#define HAVE_INTTYPES_H 1
#define HAVE_STDINT_H 1
#define HAVE_UNISTD_H 1
#define EXTSTORE 1
#define SIZEOF_VOID_P 8
#define HAVE_LIBEVENT_NEW 1
#define HAVE__BOOL 1
#define HAVE_STDBOOL_H 1
#define HAVE_INTTYPES_H 1
#define ENDIAN_LITTLE 1
#define HAVE_MLOCKALL 1
#define HAVE_SYSCONF 1
#define HAVE_CLOCK_GETTIME 1
#define HAVE_PREADV 1
#define HAVE_PREAD 1
#define HAVE_ACCEPT4 1
#define HAVE_ACCEPT4 1
#define HAVE_GETOPT_LONG 1
#define HAVE_GETOPT_LONG 1
#define HAVE_GCC_ATOMICS 1
#define HAVE_GCC_64ATOMICS 1
#define _GNU_SOURCE 1

configure: exit 0
